
=== core-database assembleDebug ===
Calculating task graph as no cached configuration is available for tasks: 

> Task :help

Welcome to Gradle 9.3.0.

To run a build, run gradlew <task> ...

To see a list of available tasks, run gradlew tasks

To see more detail about a task, run gradlew help --task <task>

To see a list of command-line options, run gradlew --help

For more detail on using Gradle, see https://docs.gradle.org/9.3.0/userguide/command_line_interface.html

For troubleshooting, visit https://help.gradle.org

[Incubating] Problems report is available at: file:///F:/Android/AndroidStudioProjects/Kiro/DevOS-AI/build/reports/problems/problems-report.html

Deprecated Gradle features were used in this build, making it incompatible with Gradle 10.

You can use '--warning-mode all' to show the individual deprecation warnings and determine if they come from your own scripts or plugins.

For more on this, please refer to https://docs.gradle.org/9.3.0/userguide/command_line_interface.html#sec:command_line_warnings in the Gradle documentation.

BUILD SUCCESSFUL in 1m 27s
1 actionable task: 1 executed
Configuration cache entry stored.
EXIT: 0
=== domain-repository assembleDebug ===
Reusing configuration cache.

> Task :help

Welcome to Gradle 9.3.0.

To run a build, run gradlew <task> ...

To see a list of available tasks, run gradlew tasks

To see more detail about a task, run gradlew help --task <task>

To see a list of command-line options, run gradlew --help

For more detail on using Gradle, see https://docs.gradle.org/9.3.0/userguide/command_line_interface.html

For troubleshooting, visit https://help.gradle.org

BUILD SUCCESSFUL in 9s
1 actionable task: 1 executed
Configuration cache entry reused.
EXIT: 0
=== data-repository assembleDebug ===
Reusing configuration cache.

> Task :help

Welcome to Gradle 9.3.0.

To run a build, run gradlew <task> ...

To see a list of available tasks, run gradlew tasks

To see more detail about a task, run gradlew help --task <task>

To see a list of command-line options, run gradlew --help

For more detail on using Gradle, see https://docs.gradle.org/9.3.0/userguide/command_line_interface.html

For troubleshooting, visit https://help.gradle.org

BUILD SUCCESSFUL in 10s
1 actionable task: 1 executed
Configuration cache entry reused.
EXIT: 0
=== data-repository tests ===
Reusing configuration cache.

> Task :help

Welcome to Gradle 9.3.0.

To run a build, run gradlew <task> ...

To see a list of available tasks, run gradlew tasks

To see more detail about a task, run gradlew help --task <task>

To see a list of command-line options, run gradlew --help

For more detail on using Gradle, see https://docs.gradle.org/9.3.0/userguide/command_line_interface.html

For troubleshooting, visit https://help.gradle.org

BUILD SUCCESSFUL in 11s
1 actionable task: 1 executed
Configuration cache entry reused.
EXIT: 0
=== assembleDebug (full) ===
Reusing configuration cache.

> Task :help

Welcome to Gradle 9.3.0.

To run a build, run gradlew <task> ...

To see a list of available tasks, run gradlew tasks

To see more detail about a task, run gradlew help --task <task>

To see a list of command-line options, run gradlew --help

For more detail on using Gradle, see https://docs.gradle.org/9.3.0/userguide/command_line_interface.html

For troubleshooting, visit https://help.gradle.org

BUILD SUCCESSFUL in 12s
1 actionable task: 1 executed
Configuration cache entry reused.
EXIT: 0
RESULTS: core-db=0 domain-repo=0 data-repo=0 tests=0 full=0
